     VMA      LMA     Size Align Out     In      Symbol
       0        0        0     1 __basic_zp_start = 0x0002
       0        0        0     1 __basic_zp_end = 0x0090
       0        0        0     1 __rc0 = __basic_zp_start
       0        0        0     1 __rc1 = __rc0 + 1
       0        0        0     1 PROVIDE ( __rc2 = __rc1 + 1 )
       0        0        0     1 __rc3 = __rc2 + 1
       0        0        0     1 PROVIDE ( __rc4 = __rc3 + 1 )
       0        0        0     1 __rc5 = __rc4 + 1
       0        0        0     1 PROVIDE ( __rc6 = __rc5 + 1 )
       0        0        0     1 __rc7 = __rc6 + 1
       0        0        0     1 PROVIDE ( __rc8 = __rc7 + 1 )
       0        0        0     1 __rc9 = __rc8 + 1
       0        0        0     1 PROVIDE ( __rc10 = __rc9 + 1 )
       0        0        0     1 __rc11 = __rc10 + 1
       0        0        0     1 PROVIDE ( __rc12 = __rc11 + 1 )
       0        0        0     1 __rc13 = __rc12 + 1
       0        0        0     1 PROVIDE ( __rc14 = __rc13 + 1 )
       0        0        0     1 __rc15 = __rc14 + 1
       0        0        0     1 PROVIDE ( __rc16 = __rc15 + 1 )
       0        0        0     1 __rc17 = __rc16 + 1
       0        0        0     1 PROVIDE ( __rc18 = __rc17 + 1 )
       0        0        0     1 __rc19 = __rc18 + 1
       0        0        0     1 PROVIDE ( __rc20 = __rc19 + 1 )
       0        0        0     1 __rc21 = __rc20 + 1
       0        0        0     1 PROVIDE ( __rc22 = __rc21 + 1 )
       0        0        0     1 __rc23 = __rc22 + 1
       0        0        0     1 PROVIDE ( __rc24 = __rc23 + 1 )
       0        0        0     1 __rc25 = __rc24 + 1
       0        0        0     1 PROVIDE ( __rc26 = __rc25 + 1 )
       0        0        0     1 __rc27 = __rc26 + 1
       0        0        0     1 PROVIDE ( __rc28 = __rc27 + 1 )
       0        0        0     1 __rc29 = __rc28 + 1
       0        0        0     1 PROVIDE ( __rc30 = __rc29 + 1 )
       0        0        0     1 __rc31 = __rc30 + 1
    2001     2001       16     1 .basic_header
    2001     2001       16     1         F:\Entwicklungsprojekte\Mega65\llvm-mos\llvm-mos\bin/../mos-platform/mega65/lib\basic-header.o:(.basic_header)
    2015     2015        0     1                 next_line
      22       22        0     1 .zp.data
      22       22        0     1         __zp_data_start = .
      22       22        0     1 __zp_data_load_start = LOADADDR ( .zp.data )
      22       22        0     1 __zp_data_size = SIZEOF ( .zp.data )
      22       22       17     1 .zp.bss
      22       22        0     1         __zp_bss_start = .
      22       22        1     1         lto.tmp:(.zp.bss.g_curScreenW)
      22       22        1     1                 g_curScreenW
      23       23        1     1         lto.tmp:(.zp.bss.g_curX)
      23       23        1     1                 g_curX
      24       24        1     1         lto.tmp:(.zp.bss.g_curY)
      24       24        1     1                 g_curY
      25       25       14     1         lto.tmp:(.zp.bss.dmalist)
      25       25       14     1                 dmalist
      39       39        0     1 __zp_bss_size = SIZEOF ( .zp.bss )
      39       39       38     1 .zp
      39       39       38     1         lto.tmp:(.zp.noinit..Lzp_stack)
    2017     2017     1a31     1 .text
    2017     2017        0     1         _init = .
    2017     2017        0     1         _start = .
    2017     2017        e     1         F:\Entwicklungsprojekte\Mega65\llvm-mos\llvm-mos\bin/../mos-platform/mega65/lib\unmap-basic.o:(.init.010)
    2025     2025        8     1         F:\Entwicklungsprojekte\Mega65\llvm-mos\llvm-mos\bin/../mos-platform/commodore/lib\libcrt0.a(init-stack.S.obj):(.init.100)
    2025     2025        0     1                 __do_init_stack
    202d     202d        3     1         F:\Entwicklungsprojekte\Mega65\llvm-mos\llvm-mos\bin/../mos-platform/commodore/lib\libcrt0.a(zero-bss.c.obj):(.init.200)
    202d     202d        0     1                 __do_zero_bss
    2030     2030        3     1         F:\Entwicklungsprojekte\Mega65\llvm-mos\llvm-mos\bin/../mos-platform/commodore/lib\libcrt0.a(zero-zp-bss.c.obj):(.init.200)
    2030     2030        0     1                 __do_zero_zp_bss
    2033     2033        3     1         F:\Entwicklungsprojekte\Mega65\llvm-mos\llvm-mos\bin/../mos-platform/common/lib\crt0.o:(.call_main)
    2036     2036        3     1         F:\Entwicklungsprojekte\Mega65\llvm-mos\llvm-mos\bin/../mos-platform/commodore/lib\libcrt0.a(exit-return.c.obj):(.after_main)
    2036     2036        0     1                 __after_main
    2039     2039        0     1         _fini = .
    2039     2039        a     1         F:\Entwicklungsprojekte\Mega65\llvm-mos\llvm-mos\bin/../mos-platform/mega65/lib\unmap-basic.o:(.fini.990)
    2043     2043        1     1         F:\Entwicklungsprojekte\Mega65\llvm-mos\llvm-mos\bin/../mos-platform/common/lib\crt0.o:(.fini_rts)
    2044     2044        a     1         F:\Entwicklungsprojekte\Mega65\llvm-mos\llvm-mos\bin/../mos-platform/commodore/lib\libcrt0.a(exit-return.c.obj):(.text)
    2044     2044        a     1                 __exit_return
    204e     204e       13     1         F:\Entwicklungsprojekte\Mega65\llvm-mos\llvm-mos\bin/../mos-platform/commodore/lib\libcrt0.a(zero-bss.c.obj):(.text)
    204e     204e       13     1                 __zero_bss
    2061     2061       13     1         F:\Entwicklungsprojekte\Mega65\llvm-mos\llvm-mos\bin/../mos-platform/commodore/lib\libcrt0.a(zero-zp-bss.c.obj):(.text)
    2061     2061       13     1                 __zero_zp_bss
    2074     2074      138     1         lto.tmp:(.text.cputln)
    2074     2074      138     1                 cputln
    21ac     21ac      30d     1         lto.tmp:(.text.main)
    21ac     21ac      30d     1                 main
    24b9     24b9        1     1         lto.tmp:(.text.escNOP)
    24b9     24b9        1     1                 escNOP
    24ba     24ba       5e     1         lto.tmp:(.text.cputhex)
    24ba     24ba       5e     1                 cputhex
    2518     2518       dd     1         lto.tmp:(.text.cputsxy)
    2518     2518       dd     1                 cputsxy
    25f5     25f5       8b     1         lto.tmp:(.text.lcopy)
    25f5     25f5       8b     1                 lcopy
    2680     2680       74     1         lto.tmp:(.text.lfill)
    2680     2680       74     1                 lfill
    26f4     26f4      b2c     1         lto.tmp:(.text.printf)
    26f4     26f4      b2c     1                 printf
    3220     3220      689     1         lto.tmp:(.text._ntoa)
    3220     3220      689     1                 _ntoa
    38a9     38a9       34     1         lto.tmp:(.text.strlen)
    38a9     38a9       34     1                 strlen
    38dd     38dd       13     1         lto.tmp:(.text.__ashlhi3)
    38dd     38dd       13     1                 __ashlhi3
    38f0     38f0       32     1         lto.tmp:(.text.__mulhi3)
    38f0     38f0       32     1                 __mulhi3
    3922     3922       da     1         lto.tmp:(.text.__udivmodhi4)
    3922     3922       da     1                 __udivmodhi4
    39fc     39fc       2d     1         lto.tmp:(.text.memcpy)
    39fc     39fc       2d     1                 memcpy
    3a29     3a29       1f     1         lto.tmp:(.text.__memset)
    3a29     3a29       1f     1                 __memset
    3a48     3a48        0     1         __init_array_start = .
    3a48     3a48        0     1         __init_array_end = .
    3a48     3a48        0     1         __fini_array_start = .
    3a48     3a48        0     1         __fini_array_end = .
    3a48     3a48       a0     1 .rodata
    3a48     3a48        1     1         F:\Entwicklungsprojekte\Mega65\llvm-mos\llvm-mos\bin/../mos-platform/common/lib\libcrt.a(const.S.obj):(.rodata)
    3a48     3a48        0     1                 __set_v
    3a49     3a49       3c     1         lto.tmp:(.rodata.printf)
    3a85     3a85       4e     1         <internal>:(.rodata.str1.1)
    3ad3     3ad3        5     1         lto.tmp:(.rodata..Lswitch.table.asciitoscreencode_s)
    3ad8     3ad8       10     1         <internal>:(.rodata.cst16)
    3ae8     3ae8        0     1 .data
    3ae8     3ae8        0     1         __data_start = .
    3ae8     3ae8        0     1         __data_end = .
    3ae8     3ae8        0     1 __data_load_start = LOADADDR ( .data )
    3ae8     3ae8        0     1 __data_size = SIZEOF ( .data )
    3ae8     3ae8      2fe     1 .bss
    3ae8     3ae8        0     1         __bss_start = .
    3ae8     3ae8        1     1         lto.tmp:(.bss.g_curScreenH)
    3ae8     3ae8        1     1                 g_curScreenH
    3ae9     3ae9      2fd     1         lto.tmp:(.bss.escapeCode)
    3ae9     3ae9      2fd     1                 escapeCode
    3de6     3de6        0     1         __bss_end = .
    3de6     3de6        0     1 __bss_size = SIZEOF ( .bss )
    3de6     3de6      1ff     1 .noinit
    3de6     3de6        1     1         F:\Entwicklungsprojekte\Mega65\llvm-mos\llvm-mos\bin/../mos-platform/commodore/lib\libcrt0.a(exit-return.c.obj):(.noinit)
    3de7     3de7      1fe     1         lto.tmp:(.noinit..Lstatic_stack)
    3fe5     3fe5        0     1         __heap_start = .
    3fe5     3fe5        0     1 __stack = 0xd000
       0        0       79     1 .comment
       0        0       79     1         <internal>:(.comment)
       0        0      b00     4 .symtab
       0        0      b00     4         <internal>:(.symtab)
       0        0       68     1 .shstrtab
       0        0       68     1         <internal>:(.shstrtab)
       0        0      5d8     1 .strtab
       0        0      5d8     1         <internal>:(.strtab)
